Phase 1/2: sampling three queries
Sampling query=horse, initial_seed=42
Sampling query=automobile, initial_seed=42
Sampling query=horse,automobile, initial_seed=42
Attribution part 1/2
Attribution query=horse, algorithm=traj_tracin, range=1-2000
Attribution query=horse, algorithm=traj_tracin, range=2001-4000
Attribution query=horse, algorithm=traj_tracin, range=4001-6000
Attribution query=horse, algorithm=traj_tracin, range=6001-8000
Attribution query=horse, algorithm=traj_tracin, range=8001-10000
Attribution query=horse, algorithm=das, range=all
Attribution query=horse, algorithm=dtrak, range=all
Attribution query=horse, algorithm=end_tracin, range=all
Attribution query=automobile, algorithm=traj_tracin, range=1-2000
Attribution query=automobile, algorithm=traj_tracin, range=2001-4000
Attribution query=automobile, algorithm=traj_tracin, range=4001-6000
Attribution query=automobile, algorithm=traj_tracin, range=6001-8000
Attribution query=automobile, algorithm=traj_tracin, range=8001-10000
Attribution query=automobile, algorithm=das, range=all
Attribution query=automobile, algorithm=dtrak, range=all
Attribution query=automobile, algorithm=end_tracin, range=all
Attribution part 1/2 completed successfully (16 tasks).
Logs: /work2/11447/yangtan7447/stampede3/Trajectory-TracIn-for-Diffusion-Model-Data-Attribution/diffusion_jax_refined/cifar2/result/experiment1_42/tacc_logs/sample_attr_part1_3272690
