Job 02: sample trajectories, then run original monolithic attribution
experiment=experiment_67; train_seed=67; algorithms=dtrak das end_tracin traj_tracin
query tasks=21; logs=/work/11227/kg35276/vista/Trajectory-TracIn-for-Diffusion-Model-Data-Attribution/diffusion_jax_refined/cifar2/result/experiment_67/vista_original_logs/02_sample_and_original_attribution/846882
This compact/original job writes final scores only; it does not write strict stage artifacts.
Launch original sample+attribution mode=unprompted_solo query=unprompted seed=24 slot=0 -> /work/11227/kg35276/vista/Trajectory-TracIn-for-Diffusion-Model-Data-Attribution/diffusion_jax_refined/cifar2/result/experiment_67/vista_original_logs/02_sample_and_original_attribution/846882/unprompted_solo__unprompted__seed_24.log
Launch original sample+attribution mode=unprompted_solo query=unprompted seed=48 slot=1 -> /work/11227/kg35276/vista/Trajectory-TracIn-for-Diffusion-Model-Data-Attribution/diffusion_jax_refined/cifar2/result/experiment_67/vista_original_logs/02_sample_and_original_attribution/846882/unprompted_solo__unprompted__seed_48.log
Launch original sample+attribution mode=unprompted_solo query=unprompted seed=96 slot=2 -> /work/11227/kg35276/vista/Trajectory-TracIn-for-Diffusion-Model-Data-Attribution/diffusion_jax_refined/cifar2/result/experiment_67/vista_original_logs/02_sample_and_original_attribution/846882/unprompted_solo__unprompted__seed_96.log
Launch original sample+attribution mode=unprompted_multi query=unprompted seed=24 slot=3 -> /work/11227/kg35276/vista/Trajectory-TracIn-for-Diffusion-Model-Data-Attribution/diffusion_jax_refined/cifar2/result/experiment_67/vista_original_logs/02_sample_and_original_attribution/846882/unprompted_multi__unprompted__seed_24.log
Launch original sample+attribution mode=unprompted_multi query=unprompted seed=48 slot=4 -> /work/11227/kg35276/vista/Trajectory-TracIn-for-Diffusion-Model-Data-Attribution/diffusion_jax_refined/cifar2/result/experiment_67/vista_original_logs/02_sample_and_original_attribution/846882/unprompted_multi__unprompted__seed_48.log
Launch original sample+attribution mode=unprompted_multi query=unprompted seed=96 slot=5 -> /work/11227/kg35276/vista/Trajectory-TracIn-for-Diffusion-Model-Data-Attribution/diffusion_jax_refined/cifar2/result/experiment_67/vista_original_logs/02_sample_and_original_attribution/846882/unprompted_multi__unprompted__seed_96.log
Launch original sample+attribution mode=prompted_solo query=horse seed=24 slot=6 -> /work/11227/kg35276/vista/Trajectory-TracIn-for-Diffusion-Model-Data-Attribution/diffusion_jax_refined/cifar2/result/experiment_67/vista_original_logs/02_sample_and_original_attribution/846882/prompted_solo__horse__seed_24.log
Launch original sample+attribution mode=prompted_solo query=horse seed=48 slot=7 -> /work/11227/kg35276/vista/Trajectory-TracIn-for-Diffusion-Model-Data-Attribution/diffusion_jax_refined/cifar2/result/experiment_67/vista_original_logs/02_sample_and_original_attribution/846882/prompted_solo__horse__seed_48.log
Launch original sample+attribution mode=prompted_solo query=horse seed=96 slot=8 -> /work/11227/kg35276/vista/Trajectory-TracIn-for-Diffusion-Model-Data-Attribution/diffusion_jax_refined/cifar2/result/experiment_67/vista_original_logs/02_sample_and_original_attribution/846882/prompted_solo__horse__seed_96.log
Launch original sample+attribution mode=prompted_solo query=automobile seed=24 slot=9 -> /work/11227/kg35276/vista/Trajectory-TracIn-for-Diffusion-Model-Data-Attribution/diffusion_jax_refined/cifar2/result/experiment_67/vista_original_logs/02_sample_and_original_attribution/846882/prompted_solo__automobile__seed_24.log
Launch original sample+attribution mode=prompted_solo query=automobile seed=48 slot=10 -> /work/11227/kg35276/vista/Trajectory-TracIn-for-Diffusion-Model-Data-Attribution/diffusion_jax_refined/cifar2/result/experiment_67/vista_original_logs/02_sample_and_original_attribution/846882/prompted_solo__automobile__seed_48.log
Launch original sample+attribution mode=prompted_solo query=automobile seed=96 slot=11 -> /work/11227/kg35276/vista/Trajectory-TracIn-for-Diffusion-Model-Data-Attribution/diffusion_jax_refined/cifar2/result/experiment_67/vista_original_logs/02_sample_and_original_attribution/846882/prompted_solo__automobile__seed_96.log
Launch original sample+attribution mode=prompted_multi query=horse seed=24 slot=12 -> /work/11227/kg35276/vista/Trajectory-TracIn-for-Diffusion-Model-Data-Attribution/diffusion_jax_refined/cifar2/result/experiment_67/vista_original_logs/02_sample_and_original_attribution/846882/prompted_multi__horse__seed_24.log
Launch original sample+attribution mode=prompted_multi query=horse seed=48 slot=13 -> /work/11227/kg35276/vista/Trajectory-TracIn-for-Diffusion-Model-Data-Attribution/diffusion_jax_refined/cifar2/result/experiment_67/vista_original_logs/02_sample_and_original_attribution/846882/prompted_multi__horse__seed_48.log
Launch original sample+attribution mode=prompted_multi query=horse seed=96 slot=14 -> /work/11227/kg35276/vista/Trajectory-TracIn-for-Diffusion-Model-Data-Attribution/diffusion_jax_refined/cifar2/result/experiment_67/vista_original_logs/02_sample_and_original_attribution/846882/prompted_multi__horse__seed_96.log
Launch original sample+attribution mode=prompted_multi query=automobile seed=24 slot=15 -> /work/11227/kg35276/vista/Trajectory-TracIn-for-Diffusion-Model-Data-Attribution/diffusion_jax_refined/cifar2/result/experiment_67/vista_original_logs/02_sample_and_original_attribution/846882/prompted_multi__automobile__seed_24.log
Launch original sample+attribution mode=prompted_multi query=automobile seed=48 slot=16 -> /work/11227/kg35276/vista/Trajectory-TracIn-for-Diffusion-Model-Data-Attribution/diffusion_jax_refined/cifar2/result/experiment_67/vista_original_logs/02_sample_and_original_attribution/846882/prompted_multi__automobile__seed_48.log
Launch original sample+attribution mode=prompted_multi query=automobile seed=96 slot=17 -> /work/11227/kg35276/vista/Trajectory-TracIn-for-Diffusion-Model-Data-Attribution/diffusion_jax_refined/cifar2/result/experiment_67/vista_original_logs/02_sample_and_original_attribution/846882/prompted_multi__automobile__seed_96.log
Launch original sample+attribution mode=prompted_multi query=horse,automobile seed=24 slot=18 -> /work/11227/kg35276/vista/Trajectory-TracIn-for-Diffusion-Model-Data-Attribution/diffusion_jax_refined/cifar2/result/experiment_67/vista_original_logs/02_sample_and_original_attribution/846882/prompted_multi__horse_automobile__seed_24.log
Launch original sample+attribution mode=prompted_multi query=horse,automobile seed=48 slot=19 -> /work/11227/kg35276/vista/Trajectory-TracIn-for-Diffusion-Model-Data-Attribution/diffusion_jax_refined/cifar2/result/experiment_67/vista_original_logs/02_sample_and_original_attribution/846882/prompted_multi__horse_automobile__seed_48.log
Launch original sample+attribution mode=prompted_multi query=horse,automobile seed=96 slot=20 -> /work/11227/kg35276/vista/Trajectory-TracIn-for-Diffusion-Model-Data-Attribution/diffusion_jax_refined/cifar2/result/experiment_67/vista_original_logs/02_sample_and_original_attribution/846882/prompted_multi__horse_automobile__seed_96.log
