Job 01: train LDS models
experiment=experiment_67; train_seed=67; lds_train_seed=67
m=50; dataset_percentage=50; subset_seeds=1 2 3 4 5 6 7 8 9 10 11 12 13 14 15 16; modes=prompted_solo prompted_multi unprompted_solo unprompted_multi
logs=/work/11227/kg35276/vista/Trajectory-TracIn-for-Diffusion-Model-Data-Attribution/diffusion_jax_refined/cifar2/result/experiment_67/vista_original_logs/01_train_lds_models/842573
Launch LDS mode=prompted_solo subset_seed=1 slot=0 -> /work/11227/kg35276/vista/Trajectory-TracIn-for-Diffusion-Model-Data-Attribution/diffusion_jax_refined/cifar2/result/experiment_67/vista_original_logs/01_train_lds_models/842573/prompted_solo_subset_seed_1.log
Launch LDS mode=prompted_solo subset_seed=2 slot=1 -> /work/11227/kg35276/vista/Trajectory-TracIn-for-Diffusion-Model-Data-Attribution/diffusion_jax_refined/cifar2/result/experiment_67/vista_original_logs/01_train_lds_models/842573/prompted_solo_subset_seed_2.log
Launch LDS mode=prompted_solo subset_seed=3 slot=2 -> /work/11227/kg35276/vista/Trajectory-TracIn-for-Diffusion-Model-Data-Attribution/diffusion_jax_refined/cifar2/result/experiment_67/vista_original_logs/01_train_lds_models/842573/prompted_solo_subset_seed_3.log
Launch LDS mode=prompted_solo subset_seed=4 slot=3 -> /work/11227/kg35276/vista/Trajectory-TracIn-for-Diffusion-Model-Data-Attribution/diffusion_jax_refined/cifar2/result/experiment_67/vista_original_logs/01_train_lds_models/842573/prompted_solo_subset_seed_4.log
Launch LDS mode=prompted_solo subset_seed=5 slot=4 -> /work/11227/kg35276/vista/Trajectory-TracIn-for-Diffusion-Model-Data-Attribution/diffusion_jax_refined/cifar2/result/experiment_67/vista_original_logs/01_train_lds_models/842573/prompted_solo_subset_seed_5.log
Launch LDS mode=prompted_solo subset_seed=6 slot=5 -> /work/11227/kg35276/vista/Trajectory-TracIn-for-Diffusion-Model-Data-Attribution/diffusion_jax_refined/cifar2/result/experiment_67/vista_original_logs/01_train_lds_models/842573/prompted_solo_subset_seed_6.log
Launch LDS mode=prompted_solo subset_seed=7 slot=6 -> /work/11227/kg35276/vista/Trajectory-TracIn-for-Diffusion-Model-Data-Attribution/diffusion_jax_refined/cifar2/result/experiment_67/vista_original_logs/01_train_lds_models/842573/prompted_solo_subset_seed_7.log
Launch LDS mode=prompted_solo subset_seed=8 slot=7 -> /work/11227/kg35276/vista/Trajectory-TracIn-for-Diffusion-Model-Data-Attribution/diffusion_jax_refined/cifar2/result/experiment_67/vista_original_logs/01_train_lds_models/842573/prompted_solo_subset_seed_8.log
Launch LDS mode=prompted_solo subset_seed=9 slot=8 -> /work/11227/kg35276/vista/Trajectory-TracIn-for-Diffusion-Model-Data-Attribution/diffusion_jax_refined/cifar2/result/experiment_67/vista_original_logs/01_train_lds_models/842573/prompted_solo_subset_seed_9.log
Launch LDS mode=prompted_solo subset_seed=10 slot=9 -> /work/11227/kg35276/vista/Trajectory-TracIn-for-Diffusion-Model-Data-Attribution/diffusion_jax_refined/cifar2/result/experiment_67/vista_original_logs/01_train_lds_models/842573/prompted_solo_subset_seed_10.log
Launch LDS mode=prompted_solo subset_seed=11 slot=10 -> /work/11227/kg35276/vista/Trajectory-TracIn-for-Diffusion-Model-Data-Attribution/diffusion_jax_refined/cifar2/result/experiment_67/vista_original_logs/01_train_lds_models/842573/prompted_solo_subset_seed_11.log
Launch LDS mode=prompted_solo subset_seed=12 slot=11 -> /work/11227/kg35276/vista/Trajectory-TracIn-for-Diffusion-Model-Data-Attribution/diffusion_jax_refined/cifar2/result/experiment_67/vista_original_logs/01_train_lds_models/842573/prompted_solo_subset_seed_12.log
Launch LDS mode=prompted_solo subset_seed=13 slot=12 -> /work/11227/kg35276/vista/Trajectory-TracIn-for-Diffusion-Model-Data-Attribution/diffusion_jax_refined/cifar2/result/experiment_67/vista_original_logs/01_train_lds_models/842573/prompted_solo_subset_seed_13.log
Launch LDS mode=prompted_solo subset_seed=14 slot=13 -> /work/11227/kg35276/vista/Trajectory-TracIn-for-Diffusion-Model-Data-Attribution/diffusion_jax_refined/cifar2/result/experiment_67/vista_original_logs/01_train_lds_models/842573/prompted_solo_subset_seed_14.log
Launch LDS mode=prompted_solo subset_seed=15 slot=14 -> /work/11227/kg35276/vista/Trajectory-TracIn-for-Diffusion-Model-Data-Attribution/diffusion_jax_refined/cifar2/result/experiment_67/vista_original_logs/01_train_lds_models/842573/prompted_solo_subset_seed_15.log
Launch LDS mode=prompted_solo subset_seed=16 slot=15 -> /work/11227/kg35276/vista/Trajectory-TracIn-for-Diffusion-Model-Data-Attribution/diffusion_jax_refined/cifar2/result/experiment_67/vista_original_logs/01_train_lds_models/842573/prompted_solo_subset_seed_16.log
Launch LDS mode=prompted_multi subset_seed=1 slot=16 -> /work/11227/kg35276/vista/Trajectory-TracIn-for-Diffusion-Model-Data-Attribution/diffusion_jax_refined/cifar2/result/experiment_67/vista_original_logs/01_train_lds_models/842573/prompted_multi_subset_seed_1.log
Launch LDS mode=prompted_multi subset_seed=2 slot=17 -> /work/11227/kg35276/vista/Trajectory-TracIn-for-Diffusion-Model-Data-Attribution/diffusion_jax_refined/cifar2/result/experiment_67/vista_original_logs/01_train_lds_models/842573/prompted_multi_subset_seed_2.log
Launch LDS mode=prompted_multi subset_seed=3 slot=18 -> /work/11227/kg35276/vista/Trajectory-TracIn-for-Diffusion-Model-Data-Attribution/diffusion_jax_refined/cifar2/result/experiment_67/vista_original_logs/01_train_lds_models/842573/prompted_multi_subset_seed_3.log
Launch LDS mode=prompted_multi subset_seed=4 slot=19 -> /work/11227/kg35276/vista/Trajectory-TracIn-for-Diffusion-Model-Data-Attribution/diffusion_jax_refined/cifar2/result/experiment_67/vista_original_logs/01_train_lds_models/842573/prompted_multi_subset_seed_4.log
Launch LDS mode=prompted_multi subset_seed=5 slot=20 -> /work/11227/kg35276/vista/Trajectory-TracIn-for-Diffusion-Model-Data-Attribution/diffusion_jax_refined/cifar2/result/experiment_67/vista_original_logs/01_train_lds_models/842573/prompted_multi_subset_seed_5.log
Launch LDS mode=prompted_multi subset_seed=6 slot=21 -> /work/11227/kg35276/vista/Trajectory-TracIn-for-Diffusion-Model-Data-Attribution/diffusion_jax_refined/cifar2/result/experiment_67/vista_original_logs/01_train_lds_models/842573/prompted_multi_subset_seed_6.log
Launch LDS mode=prompted_multi subset_seed=7 slot=22 -> /work/11227/kg35276/vista/Trajectory-TracIn-for-Diffusion-Model-Data-Attribution/diffusion_jax_refined/cifar2/result/experiment_67/vista_original_logs/01_train_lds_models/842573/prompted_multi_subset_seed_7.log
Launch LDS mode=prompted_multi subset_seed=8 slot=23 -> /work/11227/kg35276/vista/Trajectory-TracIn-for-Diffusion-Model-Data-Attribution/diffusion_jax_refined/cifar2/result/experiment_67/vista_original_logs/01_train_lds_models/842573/prompted_multi_subset_seed_8.log
Launch LDS mode=prompted_multi subset_seed=9 slot=24 -> /work/11227/kg35276/vista/Trajectory-TracIn-for-Diffusion-Model-Data-Attribution/diffusion_jax_refined/cifar2/result/experiment_67/vista_original_logs/01_train_lds_models/842573/prompted_multi_subset_seed_9.log
Launch LDS mode=prompted_multi subset_seed=10 slot=25 -> /work/11227/kg35276/vista/Trajectory-TracIn-for-Diffusion-Model-Data-Attribution/diffusion_jax_refined/cifar2/result/experiment_67/vista_original_logs/01_train_lds_models/842573/prompted_multi_subset_seed_10.log
Launch LDS mode=prompted_multi subset_seed=11 slot=26 -> /work/11227/kg35276/vista/Trajectory-TracIn-for-Diffusion-Model-Data-Attribution/diffusion_jax_refined/cifar2/result/experiment_67/vista_original_logs/01_train_lds_models/842573/prompted_multi_subset_seed_11.log
Launch LDS mode=prompted_multi subset_seed=12 slot=27 -> /work/11227/kg35276/vista/Trajectory-TracIn-for-Diffusion-Model-Data-Attribution/diffusion_jax_refined/cifar2/result/experiment_67/vista_original_logs/01_train_lds_models/842573/prompted_multi_subset_seed_12.log
Launch LDS mode=prompted_multi subset_seed=13 slot=28 -> /work/11227/kg35276/vista/Trajectory-TracIn-for-Diffusion-Model-Data-Attribution/diffusion_jax_refined/cifar2/result/experiment_67/vista_original_logs/01_train_lds_models/842573/prompted_multi_subset_seed_13.log
Launch LDS mode=prompted_multi subset_seed=14 slot=29 -> /work/11227/kg35276/vista/Trajectory-TracIn-for-Diffusion-Model-Data-Attribution/diffusion_jax_refined/cifar2/result/experiment_67/vista_original_logs/01_train_lds_models/842573/prompted_multi_subset_seed_14.log
Launch LDS mode=prompted_multi subset_seed=15 slot=30 -> /work/11227/kg35276/vista/Trajectory-TracIn-for-Diffusion-Model-Data-Attribution/diffusion_jax_refined/cifar2/result/experiment_67/vista_original_logs/01_train_lds_models/842573/prompted_multi_subset_seed_15.log
Launch LDS mode=prompted_multi subset_seed=16 slot=31 -> /work/11227/kg35276/vista/Trajectory-TracIn-for-Diffusion-Model-Data-Attribution/diffusion_jax_refined/cifar2/result/experiment_67/vista_original_logs/01_train_lds_models/842573/prompted_multi_subset_seed_16.log
Launch LDS mode=unprompted_solo subset_seed=1 slot=32 -> /work/11227/kg35276/vista/Trajectory-TracIn-for-Diffusion-Model-Data-Attribution/diffusion_jax_refined/cifar2/result/experiment_67/vista_original_logs/01_train_lds_models/842573/unprompted_solo_subset_seed_1.log
Launch LDS mode=unprompted_solo subset_seed=2 slot=33 -> /work/11227/kg35276/vista/Trajectory-TracIn-for-Diffusion-Model-Data-Attribution/diffusion_jax_refined/cifar2/result/experiment_67/vista_original_logs/01_train_lds_models/842573/unprompted_solo_subset_seed_2.log
Launch LDS mode=unprompted_solo subset_seed=3 slot=34 -> /work/11227/kg35276/vista/Trajectory-TracIn-for-Diffusion-Model-Data-Attribution/diffusion_jax_refined/cifar2/result/experiment_67/vista_original_logs/01_train_lds_models/842573/unprompted_solo_subset_seed_3.log
Launch LDS mode=unprompted_solo subset_seed=4 slot=35 -> /work/11227/kg35276/vista/Trajectory-TracIn-for-Diffusion-Model-Data-Attribution/diffusion_jax_refined/cifar2/result/experiment_67/vista_original_logs/01_train_lds_models/842573/unprompted_solo_subset_seed_4.log
Launch LDS mode=unprompted_solo subset_seed=5 slot=36 -> /work/11227/kg35276/vista/Trajectory-TracIn-for-Diffusion-Model-Data-Attribution/diffusion_jax_refined/cifar2/result/experiment_67/vista_original_logs/01_train_lds_models/842573/unprompted_solo_subset_seed_5.log
Launch LDS mode=unprompted_solo subset_seed=6 slot=37 -> /work/11227/kg35276/vista/Trajectory-TracIn-for-Diffusion-Model-Data-Attribution/diffusion_jax_refined/cifar2/result/experiment_67/vista_original_logs/01_train_lds_models/842573/unprompted_solo_subset_seed_6.log
Launch LDS mode=unprompted_solo subset_seed=7 slot=38 -> /work/11227/kg35276/vista/Trajectory-TracIn-for-Diffusion-Model-Data-Attribution/diffusion_jax_refined/cifar2/result/experiment_67/vista_original_logs/01_train_lds_models/842573/unprompted_solo_subset_seed_7.log
Launch LDS mode=unprompted_solo subset_seed=8 slot=39 -> /work/11227/kg35276/vista/Trajectory-TracIn-for-Diffusion-Model-Data-Attribution/diffusion_jax_refined/cifar2/result/experiment_67/vista_original_logs/01_train_lds_models/842573/unprompted_solo_subset_seed_8.log
Launch LDS mode=unprompted_solo subset_seed=9 slot=40 -> /work/11227/kg35276/vista/Trajectory-TracIn-for-Diffusion-Model-Data-Attribution/diffusion_jax_refined/cifar2/result/experiment_67/vista_original_logs/01_train_lds_models/842573/unprompted_solo_subset_seed_9.log
Launch LDS mode=unprompted_solo subset_seed=10 slot=41 -> /work/11227/kg35276/vista/Trajectory-TracIn-for-Diffusion-Model-Data-Attribution/diffusion_jax_refined/cifar2/result/experiment_67/vista_original_logs/01_train_lds_models/842573/unprompted_solo_subset_seed_10.log
Launch LDS mode=unprompted_solo subset_seed=11 slot=42 -> /work/11227/kg35276/vista/Trajectory-TracIn-for-Diffusion-Model-Data-Attribution/diffusion_jax_refined/cifar2/result/experiment_67/vista_original_logs/01_train_lds_models/842573/unprompted_solo_subset_seed_11.log
Launch LDS mode=unprompted_solo subset_seed=12 slot=43 -> /work/11227/kg35276/vista/Trajectory-TracIn-for-Diffusion-Model-Data-Attribution/diffusion_jax_refined/cifar2/result/experiment_67/vista_original_logs/01_train_lds_models/842573/unprompted_solo_subset_seed_12.log
Launch LDS mode=unprompted_solo subset_seed=13 slot=44 -> /work/11227/kg35276/vista/Trajectory-TracIn-for-Diffusion-Model-Data-Attribution/diffusion_jax_refined/cifar2/result/experiment_67/vista_original_logs/01_train_lds_models/842573/unprompted_solo_subset_seed_13.log
Launch LDS mode=unprompted_solo subset_seed=14 slot=45 -> /work/11227/kg35276/vista/Trajectory-TracIn-for-Diffusion-Model-Data-Attribution/diffusion_jax_refined/cifar2/result/experiment_67/vista_original_logs/01_train_lds_models/842573/unprompted_solo_subset_seed_14.log
Launch LDS mode=unprompted_solo subset_seed=15 slot=46 -> /work/11227/kg35276/vista/Trajectory-TracIn-for-Diffusion-Model-Data-Attribution/diffusion_jax_refined/cifar2/result/experiment_67/vista_original_logs/01_train_lds_models/842573/unprompted_solo_subset_seed_15.log
Launch LDS mode=unprompted_solo subset_seed=16 slot=47 -> /work/11227/kg35276/vista/Trajectory-TracIn-for-Diffusion-Model-Data-Attribution/diffusion_jax_refined/cifar2/result/experiment_67/vista_original_logs/01_train_lds_models/842573/unprompted_solo_subset_seed_16.log
Launch LDS mode=unprompted_multi subset_seed=1 slot=48 -> /work/11227/kg35276/vista/Trajectory-TracIn-for-Diffusion-Model-Data-Attribution/diffusion_jax_refined/cifar2/result/experiment_67/vista_original_logs/01_train_lds_models/842573/unprompted_multi_subset_seed_1.log
Launch LDS mode=unprompted_multi subset_seed=2 slot=49 -> /work/11227/kg35276/vista/Trajectory-TracIn-for-Diffusion-Model-Data-Attribution/diffusion_jax_refined/cifar2/result/experiment_67/vista_original_logs/01_train_lds_models/842573/unprompted_multi_subset_seed_2.log
Launch LDS mode=unprompted_multi subset_seed=3 slot=50 -> /work/11227/kg35276/vista/Trajectory-TracIn-for-Diffusion-Model-Data-Attribution/diffusion_jax_refined/cifar2/result/experiment_67/vista_original_logs/01_train_lds_models/842573/unprompted_multi_subset_seed_3.log
Launch LDS mode=unprompted_multi subset_seed=4 slot=51 -> /work/11227/kg35276/vista/Trajectory-TracIn-for-Diffusion-Model-Data-Attribution/diffusion_jax_refined/cifar2/result/experiment_67/vista_original_logs/01_train_lds_models/842573/unprompted_multi_subset_seed_4.log
Launch LDS mode=unprompted_multi subset_seed=5 slot=52 -> /work/11227/kg35276/vista/Trajectory-TracIn-for-Diffusion-Model-Data-Attribution/diffusion_jax_refined/cifar2/result/experiment_67/vista_original_logs/01_train_lds_models/842573/unprompted_multi_subset_seed_5.log
Launch LDS mode=unprompted_multi subset_seed=6 slot=53 -> /work/11227/kg35276/vista/Trajectory-TracIn-for-Diffusion-Model-Data-Attribution/diffusion_jax_refined/cifar2/result/experiment_67/vista_original_logs/01_train_lds_models/842573/unprompted_multi_subset_seed_6.log
Launch LDS mode=unprompted_multi subset_seed=7 slot=54 -> /work/11227/kg35276/vista/Trajectory-TracIn-for-Diffusion-Model-Data-Attribution/diffusion_jax_refined/cifar2/result/experiment_67/vista_original_logs/01_train_lds_models/842573/unprompted_multi_subset_seed_7.log
Launch LDS mode=unprompted_multi subset_seed=8 slot=55 -> /work/11227/kg35276/vista/Trajectory-TracIn-for-Diffusion-Model-Data-Attribution/diffusion_jax_refined/cifar2/result/experiment_67/vista_original_logs/01_train_lds_models/842573/unprompted_multi_subset_seed_8.log
Launch LDS mode=unprompted_multi subset_seed=9 slot=56 -> /work/11227/kg35276/vista/Trajectory-TracIn-for-Diffusion-Model-Data-Attribution/diffusion_jax_refined/cifar2/result/experiment_67/vista_original_logs/01_train_lds_models/842573/unprompted_multi_subset_seed_9.log
Launch LDS mode=unprompted_multi subset_seed=10 slot=57 -> /work/11227/kg35276/vista/Trajectory-TracIn-for-Diffusion-Model-Data-Attribution/diffusion_jax_refined/cifar2/result/experiment_67/vista_original_logs/01_train_lds_models/842573/unprompted_multi_subset_seed_10.log
Launch LDS mode=unprompted_multi subset_seed=11 slot=58 -> /work/11227/kg35276/vista/Trajectory-TracIn-for-Diffusion-Model-Data-Attribution/diffusion_jax_refined/cifar2/result/experiment_67/vista_original_logs/01_train_lds_models/842573/unprompted_multi_subset_seed_11.log
Launch LDS mode=unprompted_multi subset_seed=12 slot=59 -> /work/11227/kg35276/vista/Trajectory-TracIn-for-Diffusion-Model-Data-Attribution/diffusion_jax_refined/cifar2/result/experiment_67/vista_original_logs/01_train_lds_models/842573/unprompted_multi_subset_seed_12.log
Launch LDS mode=unprompted_multi subset_seed=13 slot=60 -> /work/11227/kg35276/vista/Trajectory-TracIn-for-Diffusion-Model-Data-Attribution/diffusion_jax_refined/cifar2/result/experiment_67/vista_original_logs/01_train_lds_models/842573/unprompted_multi_subset_seed_13.log
Launch LDS mode=unprompted_multi subset_seed=14 slot=61 -> /work/11227/kg35276/vista/Trajectory-TracIn-for-Diffusion-Model-Data-Attribution/diffusion_jax_refined/cifar2/result/experiment_67/vista_original_logs/01_train_lds_models/842573/unprompted_multi_subset_seed_14.log
Launch LDS mode=unprompted_multi subset_seed=15 slot=62 -> /work/11227/kg35276/vista/Trajectory-TracIn-for-Diffusion-Model-Data-Attribution/diffusion_jax_refined/cifar2/result/experiment_67/vista_original_logs/01_train_lds_models/842573/unprompted_multi_subset_seed_15.log
Launch LDS mode=unprompted_multi subset_seed=16 slot=63 -> /work/11227/kg35276/vista/Trajectory-TracIn-for-Diffusion-Model-Data-Attribution/diffusion_jax_refined/cifar2/result/experiment_67/vista_original_logs/01_train_lds_models/842573/unprompted_multi_subset_seed_16.log
